
> admin-web@0.0.1 dev
> vite


  VITE v8.0.3  ready in 279 ms

  ➜  Local:   http://localhost:5180/
  ➜  Network: use --host to expose
3:55:28 PM [vite] (client) [console.error] 获取用户信息失败: Error: 获取用户信息失败
    at request.interceptors.response.use.errorMessage (http://localhost:5180/src/api/request.js:23:25)
    at async Axios$1.request (http://localhost:5180/node_modules/.vite/deps/axios.js?v=9eee57a1:2516:11)
    at async Module.getUserInfo (http://localhost:5180/src/api/auth.js:12:19)
    at async checkAuth (http://localhost:5180/src/hooks/useAuth.jsx:24:21)
3:55:28 PM [vite] (client) [console.error] 获取用户信息失败: Error: 获取用户信息失败
    at request.interceptors.response.use.errorMessage (http://localhost:5180/src/api/request.js:23:25)
    at async Axios$1.request (http://localhost:5180/node_modules/.vite/deps/axios.js?v=9eee57a1:2516:11)
    at async Module.getUserInfo (http://localhost:5180/src/api/auth.js:12:19)
    at async checkAuth (http://localhost:5180/src/hooks/useAuth.jsx:24:21)
3:55:28 PM [vite] (client) [console.warn] styled-components: it looks like an unknown prop "variant" is being sent through to the DOM, which will likely trigger a React console error. If you would like automatic filtering of unknown props, you can opt-into that behavior via `<StyleSheetManager shouldForwardProp={...}>` (connect an API like `@emotion/is-prop-valid`) or consider using transient props (`$` prefix for automatic filtering.)
3:55:32 PM [vite] (client) [console.warn] styled-components: it looks like an unknown prop "positive" is being sent through to the DOM, which will likely trigger a React console error. If you would like automatic filtering of unknown props, you can opt-into that behavior via `<StyleSheetManager shouldForwardProp={...}>` (connect an API like `@emotion/is-prop-valid`) or consider using transient props (`$` prefix for automatic filtering.)
3:55:32 PM [vite] (client) [console.error] Received `true` for a non-boolean attribute `positive`.

If you want to write it to the DOM, pass a string instead: positive="true" or positive={value.toString()}.
3:55:35 PM [vite] (client) [console.warn] styled-components: it looks like an unknown prop "status" is being sent through to the DOM, which will likely trigger a React console error. If you would like automatic filtering of unknown props, you can opt-into that behavior via `<StyleSheetManager shouldForwardProp={...}>` (connect an API like `@emotion/is-prop-valid`) or consider using transient props (`$` prefix for automatic filtering.)
3:55:35 PM [vite] (client) [console.warn] styled-components: it looks like an unknown prop "active" is being sent through to the DOM, which will likely trigger a React console error. If you would like automatic filtering of unknown props, you can opt-into that behavior via `<StyleSheetManager shouldForwardProp={...}>` (connect an API like `@emotion/is-prop-valid`) or consider using transient props (`$` prefix for automatic filtering.)
3:55:35 PM [vite] (client) [console.error] Received `true` for a non-boolean attribute `active`.

If you want to write it to the DOM, pass a string instead: active="true" or active={value.toString()}.
4:27:21 PM [vite] (client) hmr update /src/hooks/useAuth.jsx
4:27:29 PM [vite] (client) hmr update /src/hooks/useAuth.jsx
4:28:25 PM [vite] (client) hmr update /src/pages/Settings/Admins.jsx
5:43:03 PM [vite] (client) hmr update /src/pages/Nfts/index.jsx
5:44:44 PM [vite] (client) hmr update /src/pages/Nfts/index.jsx
