
> admin-web@0.0.1 dev
> vite


  VITE v8.0.3  ready in 131 ms

  ➜  Local:   http://localhost:5180/
  ➜  Network: use --host to expose
1:49:03 PM [vite] (client) [console.warn] styled-components: it looks like an unknown prop "variant" is being sent through to the DOM, which will likely trigger a React console error. If you would like automatic filtering of unknown props, you can opt-into that behavior via `<StyleSheetManager shouldForwardProp={...}>` (connect an API like `@emotion/is-prop-valid`) or consider using transient props (`$` prefix for automatic filtering.)
1:49:03 PM [vite] (client) [console.warn] styled-components: it looks like an unknown prop "status" is being sent through to the DOM, which will likely trigger a React console error. If you would like automatic filtering of unknown props, you can opt-into that behavior via `<StyleSheetManager shouldForwardProp={...}>` (connect an API like `@emotion/is-prop-valid`) or consider using transient props (`$` prefix for automatic filtering.)
1:49:03 PM [vite] (client) [console.warn] styled-components: it looks like an unknown prop "active" is being sent through to the DOM, which will likely trigger a React console error. If you would like automatic filtering of unknown props, you can opt-into that behavior via `<StyleSheetManager shouldForwardProp={...}>` (connect an API like `@emotion/is-prop-valid`) or consider using transient props (`$` prefix for automatic filtering.)
1:49:03 PM [vite] (client) [console.error] Received `true` for a non-boolean attribute `active`.

If you want to write it to the DOM, pass a string instead: active="true" or active={value.toString()}.
1:49:32 PM [vite] (client) [console.warn] styled-components: it looks like an unknown prop "positive" is being sent through to the DOM, which will likely trigger a React console error. If you would like automatic filtering of unknown props, you can opt-into that behavior via `<StyleSheetManager shouldForwardProp={...}>` (connect an API like `@emotion/is-prop-valid`) or consider using transient props (`$` prefix for automatic filtering.)
1:49:32 PM [vite] (client) [console.error] Received `true` for a non-boolean attribute `positive`.

If you want to write it to the DOM, pass a string instead: positive="true" or positive={value.toString()}.
1:51:00 PM [vite] (client) [console.warn] styled-components: it looks like an unknown prop "positive" is being sent through to the DOM, which will likely trigger a React console error. If you would like automatic filtering of unknown props, you can opt-into that behavior via `<StyleSheetManager shouldForwardProp={...}>` (connect an API like `@emotion/is-prop-valid`) or consider using transient props (`$` prefix for automatic filtering.)
1:51:00 PM [vite] (client) [console.error] Received `true` for a non-boolean attribute `positive`.

If you want to write it to the DOM, pass a string instead: positive="true" or positive={value.toString()}.
2:26:37 PM [vite] (client) [console.warn] styled-components: it looks like an unknown prop "variant" is being sent through to the DOM, which will likely trigger a React console error. If you would like automatic filtering of unknown props, you can opt-into that behavior via `<StyleSheetManager shouldForwardProp={...}>` (connect an API like `@emotion/is-prop-valid`) or consider using transient props (`$` prefix for automatic filtering.)
2:26:38 PM [vite] (client) [console.warn] styled-components: it looks like an unknown prop "status" is being sent through to the DOM, which will likely trigger a React console error. If you would like automatic filtering of unknown props, you can opt-into that behavior via `<StyleSheetManager shouldForwardProp={...}>` (connect an API like `@emotion/is-prop-valid`) or consider using transient props (`$` prefix for automatic filtering.)
2:26:38 PM [vite] (client) [console.warn] styled-components: it looks like an unknown prop "active" is being sent through to the DOM, which will likely trigger a React console error. If you would like automatic filtering of unknown props, you can opt-into that behavior via `<StyleSheetManager shouldForwardProp={...}>` (connect an API like `@emotion/is-prop-valid`) or consider using transient props (`$` prefix for automatic filtering.)
2:26:38 PM [vite] (client) [console.error] Received `true` for a non-boolean attribute `active`.

If you want to write it to the DOM, pass a string instead: active="true" or active={value.toString()}.
2:30:25 PM [vite] (client) [console.warn] styled-components: it looks like an unknown prop "variant" is being sent through to the DOM, which will likely trigger a React console error. If you would like automatic filtering of unknown props, you can opt-into that behavior via `<StyleSheetManager shouldForwardProp={...}>` (connect an API like `@emotion/is-prop-valid`) or consider using transient props (`$` prefix for automatic filtering.)
2:30:25 PM [vite] (client) [console.warn] styled-components: it looks like an unknown prop "status" is being sent through to the DOM, which will likely trigger a React console error. If you would like automatic filtering of unknown props, you can opt-into that behavior via `<StyleSheetManager shouldForwardProp={...}>` (connect an API like `@emotion/is-prop-valid`) or consider using transient props (`$` prefix for automatic filtering.)
2:31:58 PM [vite] (client) [console.warn] styled-components: it looks like an unknown prop "variant" is being sent through to the DOM, which will likely trigger a React console error. If you would like automatic filtering of unknown props, you can opt-into that behavior via `<StyleSheetManager shouldForwardProp={...}>` (connect an API like `@emotion/is-prop-valid`) or consider using transient props (`$` prefix for automatic filtering.)
2:31:58 PM [vite] (client) [console.warn] styled-components: it looks like an unknown prop "status" is being sent through to the DOM, which will likely trigger a React console error. If you would like automatic filtering of unknown props, you can opt-into that behavior via `<StyleSheetManager shouldForwardProp={...}>` (connect an API like `@emotion/is-prop-valid`) or consider using transient props (`$` prefix for automatic filtering.)
5:42:25 PM [vite] (client) [console.warn] styled-components: it looks like an unknown prop "variant" is being sent through to the DOM, which will likely trigger a React console error. If you would like automatic filtering of unknown props, you can opt-into that behavior via `<StyleSheetManager shouldForwardProp={...}>` (connect an API like `@emotion/is-prop-valid`) or consider using transient props (`$` prefix for automatic filtering.)
5:42:25 PM [vite] (client) [console.warn] styled-components: it looks like an unknown prop "status" is being sent through to the DOM, which will likely trigger a React console error. If you would like automatic filtering of unknown props, you can opt-into that behavior via `<StyleSheetManager shouldForwardProp={...}>` (connect an API like `@emotion/is-prop-valid`) or consider using transient props (`$` prefix for automatic filtering.)
6:35:10 PM [vite] (client) [console.warn] styled-components: it looks like an unknown prop "variant" is being sent through to the DOM, which will likely trigger a React console error. If you would like automatic filtering of unknown props, you can opt-into that behavior via `<StyleSheetManager shouldForwardProp={...}>` (connect an API like `@emotion/is-prop-valid`) or consider using transient props (`$` prefix for automatic filtering.)
6:35:10 PM [vite] (client) [console.warn] styled-components: it looks like an unknown prop "status" is being sent through to the DOM, which will likely trigger a React console error. If you would like automatic filtering of unknown props, you can opt-into that behavior via `<StyleSheetManager shouldForwardProp={...}>` (connect an API like `@emotion/is-prop-valid`) or consider using transient props (`$` prefix for automatic filtering.)
