[     181ms] [INFO] %cDownload the React DevTools for a better development experience: https://react.dev/link/react-devtools font-weight:bold @ http://localhost:3000/node_modules/.vite/deps/react-dom_client.js?v=ad0d08ed:14337
[     186ms] [LOG] 使用后端创建的钱包地址自动连接: 0x22e1b83adb9cdbc6fbc73a16e6ac038cf61c1b8d @ http://localhost:3000/src/services/web3.js:176
[     186ms] [LOG] 使用后端创建的钱包地址自动连接: 0x22e1b83adb9cdbc6fbc73a16e6ac038cf61c1b8d @ http://localhost:3000/src/services/web3.js:176
[     491ms] [LOG] WalletButton: 自动连接后端创建的钱包: 0x22e1b83adb9cdbc6fbc73a16e6ac038cf61c1b8d @ http://localhost:3000/src/components/WalletButton.jsx:68
[     492ms] [LOG] 使用后端创建的钱包地址自动连接: 0x22e1b83adb9cdbc6fbc73a16e6ac038cf61c1b8d @ http://localhost:3000/src/services/web3.js:176
[     493ms] [LOG] WalletButton: 自动连接后端创建的钱包: 0x22e1b83adb9cdbc6fbc73a16e6ac038cf61c1b8d @ http://localhost:3000/src/components/WalletButton.jsx:68
[     493ms] [LOG] 使用后端创建的钱包地址自动连接: 0x22e1b83adb9cdbc6fbc73a16e6ac038cf61c1b8d @ http://localhost:3000/src/services/web3.js:176
[     493ms] [LOG] 钱包连接成功: {address: 0x22e1b83adb9cdbc6fbc73a16e6ac038cf61c1b8d, isMock: false, isServerWallet: true} @ http://localhost:3000/src/components/WalletButton.jsx:76
[     493ms] [LOG] 钱包连接成功: {address: 0x22e1b83adb9cdbc6fbc73a16e6ac038cf61c1b8d, isMock: false, isServerWallet: true} @ http://localhost:3000/src/components/WalletButton.jsx:76
[  472658ms] [ERROR] Failed to load resource: the server responded with a status of 500 (Internal Server Error) @ http://localhost:3000/src/components/Header.jsx?t=1776852762743:0
[  472659ms] [ERROR] [vite] Failed to reload /src/components/Header.jsx. This could be due to syntax errors or importing non-existent modules. (see errors above) @ http://localhost:3000/@vite/client:509
[  478070ms] [ERROR] Failed to load resource: the server responded with a status of 500 (Internal Server Error) @ http://localhost:3000/src/components/Header.jsx?t=1776852768201:0
[  478071ms] [ERROR] [vite] Failed to reload /src/pages/NFTDetailPage.jsx. This could be due to syntax errors or importing non-existent modules. (see errors above) @ http://localhost:3000/@vite/client:509
[  485512ms] [ERROR] Failed to load resource: the server responded with a status of 500 (Internal Server Error) @ http://localhost:3000/src/components/Header.jsx?t=1776852775646:0
[  485512ms] [ERROR] [vite] Failed to reload /src/pages/NFTDetailPage.jsx. This could be due to syntax errors or importing non-existent modules. (see errors above) @ http://localhost:3000/@vite/client:509
[  493566ms] [ERROR] Failed to load resource: the server responded with a status of 500 (Internal Server Error) @ http://localhost:3000/src/components/Header.jsx?t=1776852783699:0
[  493566ms] [ERROR] [vite] Failed to reload /src/pages/NFTDetailPage.jsx. This could be due to syntax errors or importing non-existent modules. (see errors above) @ http://localhost:3000/@vite/client:509
[  681636ms] [ERROR] [vite] Failed to reload /src/pages/NFTDetailPage.jsx. This could be due to syntax errors or importing non-existent modules. (see errors above) @ http://localhost:3000/@vite/client:509
[  880759ms] [ERROR] [vite] Failed to reload /src/pages/NFTDetailPage.jsx. This could be due to syntax errors or importing non-existent modules. (see errors above) @ http://localhost:3000/@vite/client:509
[ 6115210ms] [INFO] %cDownload the React DevTools for a better development experience: https://react.dev/link/react-devtools font-weight:bold @ http://localhost:3000/node_modules/.vite/deps/react-dom_client.js?v=ad0d08ed:14337
[ 6115229ms] [LOG] 使用后端创建的钱包地址自动连接: 0x22e1b83adb9cdbc6fbc73a16e6ac038cf61c1b8d @ http://localhost:3000/src/services/web3.js:176
[ 6115229ms] [LOG] 使用后端创建的钱包地址自动连接: 0x22e1b83adb9cdbc6fbc73a16e6ac038cf61c1b8d @ http://localhost:3000/src/services/web3.js:176
[ 6115286ms] [ERROR] Failed to load resource: the server responded with a status of 500 (Internal Server Error) @ http://localhost:3000/src/components/Header.jsx?t=1776852783699:0
[ 6115541ms] Failed to fetch dynamically imported module: http://localhost:3000/src/pages/MarketPage.jsx?t=1776850067659
[ 6115537ms] [WARNING] %s

%s
 An error occurred in one of your React components. Consider adding an error boundary to your tree to customize error handling behavior.
Visit https://react.dev/link/error-boundaries to learn more about error boundaries. @ http://localhost:3000/@vite/client:509
[ 6127433ms] [INFO] %cDownload the React DevTools for a better development experience: https://react.dev/link/react-devtools font-weight:bold @ http://localhost:3000/node_modules/.vite/deps/react-dom_client.js?v=ad0d08ed:14337
[ 6127437ms] [LOG] 使用后端创建的钱包地址自动连接: 0x22e1b83adb9cdbc6fbc73a16e6ac038cf61c1b8d @ http://localhost:3000/src/services/web3.js:176
[ 6127437ms] [LOG] 使用后端创建的钱包地址自动连接: 0x22e1b83adb9cdbc6fbc73a16e6ac038cf61c1b8d @ http://localhost:3000/src/services/web3.js:176
[ 6127454ms] [ERROR] Failed to load resource: the server responded with a status of 500 (Internal Server Error) @ http://localhost:3000/src/components/Header.jsx?t=1776852783699:0
[ 6127741ms] Failed to fetch dynamically imported module: http://localhost:3000/src/pages/MarketPage.jsx?t=1776853527381
[ 6127740ms] [WARNING] %s

%s
 An error occurred in one of your React components. Consider adding an error boundary to your tree to customize error handling behavior.
Visit https://react.dev/link/error-boundaries to learn more about error boundaries. @ http://localhost:3000/@vite/client:509
[ 6135339ms] [INFO] %cDownload the React DevTools for a better development experience: https://react.dev/link/react-devtools font-weight:bold @ http://localhost:3000/node_modules/.vite/deps/react-dom_client.js?v=ad0d08ed:14337
[ 6135344ms] [LOG] 使用后端创建的钱包地址自动连接: 0x22e1b83adb9cdbc6fbc73a16e6ac038cf61c1b8d @ http://localhost:3000/src/services/web3.js:176
[ 6135344ms] [LOG] 使用后端创建的钱包地址自动连接: 0x22e1b83adb9cdbc6fbc73a16e6ac038cf61c1b8d @ http://localhost:3000/src/services/web3.js:176
[ 6135353ms] [ERROR] Failed to load resource: the server responded with a status of 500 (Internal Server Error) @ http://localhost:3000/src/components/Header.jsx?t=1776852783699:0
[ 6135649ms] Failed to fetch dynamically imported module: http://localhost:3000/src/pages/HomePage.jsx?t=1776853170875
[ 6135648ms] [WARNING] %s

%s
 An error occurred in one of your React components. Consider adding an error boundary to your tree to customize error handling behavior.
Visit https://react.dev/link/error-boundaries to learn more about error boundaries. @ http://localhost:3000/@vite/client:509
