[     111ms] [INFO] %cDownload the React DevTools for a better development experience: https://react.dev/link/react-devtools font-weight:bold @ http://localhost:3000/node_modules/.vite/deps/react-dom_client.js?v=ad0d08ed:14337
[     140ms] [LOG] 使用后端创建的钱包地址自动连接: 0x9f22d40b8f88e403f626bbfe3f18f17e153c6ef6 @ http://localhost:3000/src/services/web3.js:176
[     141ms] [LOG] 使用后端创建的钱包地址自动连接: 0x9f22d40b8f88e403f626bbfe3f18f17e153c6ef6 @ http://localhost:3000/src/services/web3.js:176
[     550ms] [VERBOSE] [DOM] Input elements should have autocomplete attributes (suggested: "current-password"): (More info: https://goo.gl/9p2vKq) %o @ http://localhost:3000/login:0
[  106335ms] [LOG] WalletButton: 自动连接后端创建的钱包: 0x9f22d40b8f88e403f626bbfe3f18f17e153c6ef6 @ http://localhost:3000/src/components/WalletButton.jsx?t=1776557667758:68
[  106335ms] [LOG] 使用后端创建的钱包地址自动连接: 0x9f22d40b8f88e403f626bbfe3f18f17e153c6ef6 @ http://localhost:3000/src/services/web3.js:176
[  106336ms] [LOG] WalletButton: 自动连接后端创建的钱包: 0x9f22d40b8f88e403f626bbfe3f18f17e153c6ef6 @ http://localhost:3000/src/components/WalletButton.jsx?t=1776557667758:68
[  106336ms] [LOG] 使用后端创建的钱包地址自动连接: 0x9f22d40b8f88e403f626bbfe3f18f17e153c6ef6 @ http://localhost:3000/src/services/web3.js:176
[  106336ms] [LOG] 钱包连接成功: {address: 0x9f22d40b8f88e403f626bbfe3f18f17e153c6ef6, isMock: false, isServerWallet: true} @ http://localhost:3000/src/components/WalletButton.jsx?t=1776557667758:76
[  106337ms] [LOG] 钱包连接成功: {address: 0x9f22d40b8f88e403f626bbfe3f18f17e153c6ef6, isMock: false, isServerWallet: true} @ http://localhost:3000/src/components/WalletButton.jsx?t=1776557667758:76
[  106409ms] [ERROR] Failed to load resource: the server responded with a status of 404 (Not Found) @ http://localhost:3000/minio/nft-assets/nft-assets/1775024689141_86af619d53a04409b5733228182f0a06.docx:0
[  106411ms] [ERROR] Failed to load resource: the server responded with a status of 404 (Not Found) @ http://localhost:3000/minio/nft-assets/nft-assets/1775024746656_f6a33afbeb6f4405a8adb9e67e917967.png:0
[  140166ms] [VERBOSE] [DOM] Input elements should have autocomplete attributes (suggested: "current-password"): (More info: https://goo.gl/9p2vKq) %o @ http://localhost:3000/login:0
[  183540ms] [LOG] WalletButton: 自动连接后端创建的钱包: 0x9f22d40b8f88e403f626bbfe3f18f17e153c6ef6 @ http://localhost:3000/src/components/WalletButton.jsx?t=1776557667758:68
[  183540ms] [LOG] 使用后端创建的钱包地址自动连接: 0x9f22d40b8f88e403f626bbfe3f18f17e153c6ef6 @ http://localhost:3000/src/services/web3.js:176
[  183541ms] [LOG] WalletButton: 自动连接后端创建的钱包: 0x9f22d40b8f88e403f626bbfe3f18f17e153c6ef6 @ http://localhost:3000/src/components/WalletButton.jsx?t=1776557667758:68
[  183541ms] [LOG] 使用后端创建的钱包地址自动连接: 0x9f22d40b8f88e403f626bbfe3f18f17e153c6ef6 @ http://localhost:3000/src/services/web3.js:176
[  183542ms] [LOG] 钱包连接成功: {address: 0x9f22d40b8f88e403f626bbfe3f18f17e153c6ef6, isMock: false, isServerWallet: true} @ http://localhost:3000/src/components/WalletButton.jsx?t=1776557667758:76
[  183542ms] [LOG] 钱包连接成功: {address: 0x9f22d40b8f88e403f626bbfe3f18f17e153c6ef6, isMock: false, isServerWallet: true} @ http://localhost:3000/src/components/WalletButton.jsx?t=1776557667758:76
[  183592ms] [ERROR] Failed to load resource: the server responded with a status of 404 (Not Found) @ http://localhost:3000/minio/nft-assets/nft-assets/1775024746656_f6a33afbeb6f4405a8adb9e67e917967.png:0
[  183592ms] [ERROR] Failed to load resource: the server responded with a status of 404 (Not Found) @ http://localhost:3000/minio/nft-assets/nft-assets/1775024689141_86af619d53a04409b5733228182f0a06.docx:0
