[      65ms] [INFO] %cDownload the React DevTools for a better development experience: https://react.dev/link/react-devtools font-weight:bold @ http://localhost:3000/node_modules/.vite/deps/react-dom_client.js?v=ad0d08ed:14337
[      68ms] [LOG] 使用后端创建的钱包地址自动连接: 0x9f22d40b8f88e403f626bbfe3f18f17e153c6ef6 @ http://localhost:3000/src/services/web3.js:176
[      68ms] [LOG] 使用后端创建的钱包地址自动连接: 0x9f22d40b8f88e403f626bbfe3f18f17e153c6ef6 @ http://localhost:3000/src/services/web3.js:176
[     372ms] [LOG] WalletButton: 自动连接后端创建的钱包: 0x9f22d40b8f88e403f626bbfe3f18f17e153c6ef6 @ http://localhost:3000/src/components/WalletButton.jsx?t=1776557667758:68
[     372ms] [LOG] 使用后端创建的钱包地址自动连接: 0x9f22d40b8f88e403f626bbfe3f18f17e153c6ef6 @ http://localhost:3000/src/services/web3.js:176
[     373ms] [LOG] WalletButton: 自动连接后端创建的钱包: 0x9f22d40b8f88e403f626bbfe3f18f17e153c6ef6 @ http://localhost:3000/src/components/WalletButton.jsx?t=1776557667758:68
[     373ms] [LOG] 使用后端创建的钱包地址自动连接: 0x9f22d40b8f88e403f626bbfe3f18f17e153c6ef6 @ http://localhost:3000/src/services/web3.js:176
[     373ms] [LOG] 钱包连接成功: {address: 0x9f22d40b8f88e403f626bbfe3f18f17e153c6ef6, isMock: false, isServerWallet: true} @ http://localhost:3000/src/components/WalletButton.jsx?t=1776557667758:76
[     373ms] [LOG] 钱包连接成功: {address: 0x9f22d40b8f88e403f626bbfe3f18f17e153c6ef6, isMock: false, isServerWallet: true} @ http://localhost:3000/src/components/WalletButton.jsx?t=1776557667758:76
[     408ms] [ERROR] Encountered two children with the same key, `%s`. Keys should be unique so that components maintain their identity across updates. Non-unique keys may cause children to be duplicated and/or omitted — the behavior is unsupported and could change in a future version. 9 @ http://localhost:3000/@vite/client:509
[     409ms] [ERROR] Encountered two children with the same key, `%s`. Keys should be unique so that components maintain their identity across updates. Non-unique keys may cause children to be duplicated and/or omitted — the behavior is unsupported and could change in a future version. 11 @ http://localhost:3000/@vite/client:509
[     409ms] [ERROR] Encountered two children with the same key, `%s`. Keys should be unique so that components maintain their identity across updates. Non-unique keys may cause children to be duplicated and/or omitted — the behavior is unsupported and could change in a future version. 11 @ http://localhost:3000/@vite/client:509
[     410ms] [WARNING] styled-components: it looks like an unknown prop "dutch" is being sent through to the DOM, which will likely trigger a React console error. If you would like automatic filtering of unknown props, you can opt-into that behavior via `<StyleSheetManager shouldForwardProp={...}>` (connect an API like `@emotion/is-prop-valid`) or consider using transient props (`$` prefix for automatic filtering.) @ http://localhost:3000/@vite/client:509
[     410ms] [ERROR] Received `%s` for a non-boolean attribute `%s`.

If you want to write it to the DOM, pass a string instead: %s="%s" or %s={value.toString()}.

If you used to conditionally omit it with %s={condition && value}, pass %s={condition ? value : undefined} instead. false dutch dutch false dutch dutch dutch @ http://localhost:3000/@vite/client:509
[     427ms] [ERROR] Encountered two children with the same key, `%s`. Keys should be unique so that components maintain their identity across updates. Non-unique keys may cause children to be duplicated and/or omitted — the behavior is unsupported and could change in a future version. 9 @ http://localhost:3000/@vite/client:509
[     427ms] [ERROR] Encountered two children with the same key, `%s`. Keys should be unique so that components maintain their identity across updates. Non-unique keys may cause children to be duplicated and/or omitted — the behavior is unsupported and could change in a future version. 11 @ http://localhost:3000/@vite/client:509
[     427ms] [ERROR] Encountered two children with the same key, `%s`. Keys should be unique so that components maintain their identity across updates. Non-unique keys may cause children to be duplicated and/or omitted — the behavior is unsupported and could change in a future version. 11 @ http://localhost:3000/@vite/client:509
[   28664ms] [ERROR] Encountered two children with the same key, `%s`. Keys should be unique so that components maintain their identity across updates. Non-unique keys may cause children to be duplicated and/or omitted — the behavior is unsupported and could change in a future version. 9 @ http://localhost:3000/@vite/client:509
[   28665ms] [ERROR] Encountered two children with the same key, `%s`. Keys should be unique so that components maintain their identity across updates. Non-unique keys may cause children to be duplicated and/or omitted — the behavior is unsupported and could change in a future version. 11 @ http://localhost:3000/@vite/client:509
[   28665ms] [ERROR] Encountered two children with the same key, `%s`. Keys should be unique so that components maintain their identity across updates. Non-unique keys may cause children to be duplicated and/or omitted — the behavior is unsupported and could change in a future version. 11 @ http://localhost:3000/@vite/client:509
[   28695ms] [ERROR] Encountered two children with the same key, `%s`. Keys should be unique so that components maintain their identity across updates. Non-unique keys may cause children to be duplicated and/or omitted — the behavior is unsupported and could change in a future version. 9 @ http://localhost:3000/@vite/client:509
[   28695ms] [ERROR] Encountered two children with the same key, `%s`. Keys should be unique so that components maintain their identity across updates. Non-unique keys may cause children to be duplicated and/or omitted — the behavior is unsupported and could change in a future version. 11 @ http://localhost:3000/@vite/client:509
[   28695ms] [ERROR] Encountered two children with the same key, `%s`. Keys should be unique so that components maintain their identity across updates. Non-unique keys may cause children to be duplicated and/or omitted — the behavior is unsupported and could change in a future version. 11 @ http://localhost:3000/@vite/client:509
[  117500ms] [ERROR] Encountered two children with the same key, `%s`. Keys should be unique so that components maintain their identity across updates. Non-unique keys may cause children to be duplicated and/or omitted — the behavior is unsupported and could change in a future version. 9 @ http://localhost:3000/@vite/client:509
[  117500ms] [ERROR] Encountered two children with the same key, `%s`. Keys should be unique so that components maintain their identity across updates. Non-unique keys may cause children to be duplicated and/or omitted — the behavior is unsupported and could change in a future version. 11 @ http://localhost:3000/@vite/client:509
[  117500ms] [ERROR] Encountered two children with the same key, `%s`. Keys should be unique so that components maintain their identity across updates. Non-unique keys may cause children to be duplicated and/or omitted — the behavior is unsupported and could change in a future version. 11 @ http://localhost:3000/@vite/client:509
[  117817ms] [ERROR] Encountered two children with the same key, `%s`. Keys should be unique so that components maintain their identity across updates. Non-unique keys may cause children to be duplicated and/or omitted — the behavior is unsupported and could change in a future version. 9 @ http://localhost:3000/@vite/client:509
[  117817ms] [ERROR] Encountered two children with the same key, `%s`. Keys should be unique so that components maintain their identity across updates. Non-unique keys may cause children to be duplicated and/or omitted — the behavior is unsupported and could change in a future version. 11 @ http://localhost:3000/@vite/client:509
[  117817ms] [ERROR] Encountered two children with the same key, `%s`. Keys should be unique so that components maintain their identity across updates. Non-unique keys may cause children to be duplicated and/or omitted — the behavior is unsupported and could change in a future version. 11 @ http://localhost:3000/@vite/client:509
[  117828ms] [ERROR] Encountered two children with the same key, `%s`. Keys should be unique so that components maintain their identity across updates. Non-unique keys may cause children to be duplicated and/or omitted — the behavior is unsupported and could change in a future version. 9 @ http://localhost:3000/@vite/client:509
[  117829ms] [ERROR] Encountered two children with the same key, `%s`. Keys should be unique so that components maintain their identity across updates. Non-unique keys may cause children to be duplicated and/or omitted — the behavior is unsupported and could change in a future version. 11 @ http://localhost:3000/@vite/client:509
[  117829ms] [ERROR] Encountered two children with the same key, `%s`. Keys should be unique so that components maintain their identity across updates. Non-unique keys may cause children to be duplicated and/or omitted — the behavior is unsupported and could change in a future version. 11 @ http://localhost:3000/@vite/client:509
[  117846ms] [ERROR] Encountered two children with the same key, `%s`. Keys should be unique so that components maintain their identity across updates. Non-unique keys may cause children to be duplicated and/or omitted — the behavior is unsupported and could change in a future version. 9 @ http://localhost:3000/@vite/client:509
[  211310ms] [ERROR] Encountered two children with the same key, `%s`. Keys should be unique so that components maintain their identity across updates. Non-unique keys may cause children to be duplicated and/or omitted — the behavior is unsupported and could change in a future version. 9 @ http://localhost:3000/@vite/client:509
[  211623ms] [ERROR] Encountered two children with the same key, `%s`. Keys should be unique so that components maintain their identity across updates. Non-unique keys may cause children to be duplicated and/or omitted — the behavior is unsupported and could change in a future version. 9 @ http://localhost:3000/@vite/client:509
[  211636ms] [ERROR] Encountered two children with the same key, `%s`. Keys should be unique so that components maintain their identity across updates. Non-unique keys may cause children to be duplicated and/or omitted — the behavior is unsupported and could change in a future version. 9 @ http://localhost:3000/@vite/client:509
[  211656ms] [ERROR] Encountered two children with the same key, `%s`. Keys should be unique so that components maintain their identity across updates. Non-unique keys may cause children to be duplicated and/or omitted — the behavior is unsupported and could change in a future version. 9 @ http://localhost:3000/@vite/client:509
[  211656ms] [ERROR] Encountered two children with the same key, `%s`. Keys should be unique so that components maintain their identity across updates. Non-unique keys may cause children to be duplicated and/or omitted — the behavior is unsupported and could change in a future version. 11 @ http://localhost:3000/@vite/client:509
[  211656ms] [ERROR] Encountered two children with the same key, `%s`. Keys should be unique so that components maintain their identity across updates. Non-unique keys may cause children to be duplicated and/or omitted — the behavior is unsupported and could change in a future version. 11 @ http://localhost:3000/@vite/client:509
[  211893ms] [INFO] %cDownload the React DevTools for a better development experience: https://react.dev/link/react-devtools font-weight:bold @ http://localhost:3000/node_modules/.vite/deps/react-dom_client.js?v=ad0d08ed:14337
[  211896ms] [LOG] 使用后端创建的钱包地址自动连接: 0x9f22d40b8f88e403f626bbfe3f18f17e153c6ef6 @ http://localhost:3000/src/services/web3.js:176
[  211897ms] [LOG] 使用后端创建的钱包地址自动连接: 0x9f22d40b8f88e403f626bbfe3f18f17e153c6ef6 @ http://localhost:3000/src/services/web3.js:176
[  212201ms] [LOG] WalletButton: 自动连接后端创建的钱包: 0x9f22d40b8f88e403f626bbfe3f18f17e153c6ef6 @ http://localhost:3000/src/components/WalletButton.jsx?t=1776557667758:68
[  212202ms] [LOG] 使用后端创建的钱包地址自动连接: 0x9f22d40b8f88e403f626bbfe3f18f17e153c6ef6 @ http://localhost:3000/src/services/web3.js:176
[  212203ms] [LOG] WalletButton: 自动连接后端创建的钱包: 0x9f22d40b8f88e403f626bbfe3f18f17e153c6ef6 @ http://localhost:3000/src/components/WalletButton.jsx?t=1776557667758:68
[  212203ms] [LOG] 使用后端创建的钱包地址自动连接: 0x9f22d40b8f88e403f626bbfe3f18f17e153c6ef6 @ http://localhost:3000/src/services/web3.js:176
[  212203ms] [LOG] 钱包连接成功: {address: 0x9f22d40b8f88e403f626bbfe3f18f17e153c6ef6, isMock: false, isServerWallet: true} @ http://localhost:3000/src/components/WalletButton.jsx?t=1776557667758:76
[  212204ms] [LOG] 钱包连接成功: {address: 0x9f22d40b8f88e403f626bbfe3f18f17e153c6ef6, isMock: false, isServerWallet: true} @ http://localhost:3000/src/components/WalletButton.jsx?t=1776557667758:76
[  212234ms] [ERROR] Encountered two children with the same key, `%s`. Keys should be unique so that components maintain their identity across updates. Non-unique keys may cause children to be duplicated and/or omitted — the behavior is unsupported and could change in a future version. 9 @ http://localhost:3000/@vite/client:509
[  212235ms] [ERROR] Encountered two children with the same key, `%s`. Keys should be unique so that components maintain their identity across updates. Non-unique keys may cause children to be duplicated and/or omitted — the behavior is unsupported and could change in a future version. 11 @ http://localhost:3000/@vite/client:509
[  212235ms] [ERROR] Encountered two children with the same key, `%s`. Keys should be unique so that components maintain their identity across updates. Non-unique keys may cause children to be duplicated and/or omitted — the behavior is unsupported and could change in a future version. 11 @ http://localhost:3000/@vite/client:509
[  212236ms] [WARNING] styled-components: it looks like an unknown prop "dutch" is being sent through to the DOM, which will likely trigger a React console error. If you would like automatic filtering of unknown props, you can opt-into that behavior via `<StyleSheetManager shouldForwardProp={...}>` (connect an API like `@emotion/is-prop-valid`) or consider using transient props (`$` prefix for automatic filtering.) @ http://localhost:3000/@vite/client:509
[  212236ms] [ERROR] Received `%s` for a non-boolean attribute `%s`.

If you want to write it to the DOM, pass a string instead: %s="%s" or %s={value.toString()}.

If you used to conditionally omit it with %s={condition && value}, pass %s={condition ? value : undefined} instead. false dutch dutch false dutch dutch dutch @ http://localhost:3000/@vite/client:509
[  212252ms] [ERROR] Encountered two children with the same key, `%s`. Keys should be unique so that components maintain their identity across updates. Non-unique keys may cause children to be duplicated and/or omitted — the behavior is unsupported and could change in a future version. 9 @ http://localhost:3000/@vite/client:509
[  212252ms] [ERROR] Encountered two children with the same key, `%s`. Keys should be unique so that components maintain their identity across updates. Non-unique keys may cause children to be duplicated and/or omitted — the behavior is unsupported and could change in a future version. 11 @ http://localhost:3000/@vite/client:509
[  212252ms] [ERROR] Encountered two children with the same key, `%s`. Keys should be unique so that components maintain their identity across updates. Non-unique keys may cause children to be duplicated and/or omitted — the behavior is unsupported and could change in a future version. 11 @ http://localhost:3000/@vite/client:509
[  236119ms] [LOG] WalletButton: 自动连接后端创建的钱包: 0x9f22d40b8f88e403f626bbfe3f18f17e153c6ef6 @ http://localhost:3000/src/components/WalletButton.jsx?t=1776557667758:68
[  236119ms] [LOG] 使用后端创建的钱包地址自动连接: 0x9f22d40b8f88e403f626bbfe3f18f17e153c6ef6 @ http://localhost:3000/src/services/web3.js:176
[  236120ms] [LOG] WalletButton: 自动连接后端创建的钱包: 0x9f22d40b8f88e403f626bbfe3f18f17e153c6ef6 @ http://localhost:3000/src/components/WalletButton.jsx?t=1776557667758:68
[  236121ms] [LOG] 使用后端创建的钱包地址自动连接: 0x9f22d40b8f88e403f626bbfe3f18f17e153c6ef6 @ http://localhost:3000/src/services/web3.js:176
[  236121ms] [LOG] 钱包连接成功: {address: 0x9f22d40b8f88e403f626bbfe3f18f17e153c6ef6, isMock: false, isServerWallet: true} @ http://localhost:3000/src/components/WalletButton.jsx?t=1776557667758:76
[  236121ms] [LOG] 钱包连接成功: {address: 0x9f22d40b8f88e403f626bbfe3f18f17e153c6ef6, isMock: false, isServerWallet: true} @ http://localhost:3000/src/components/WalletButton.jsx?t=1776557667758:76
[  236157ms] [WARNING] styled-components: it looks like an unknown prop "status" is being sent through to the DOM, which will likely trigger a React console error. If you would like automatic filtering of unknown props, you can opt-into that behavior via `<StyleSheetManager shouldForwardProp={...}>` (connect an API like `@emotion/is-prop-valid`) or consider using transient props (`$` prefix for automatic filtering.) @ http://localhost:3000/@vite/client:509
[  304010ms] [WARNING] No routes matched location "/market/buy/9"  @ http://localhost:3000/@vite/client:509
[  304010ms] [WARNING] No routes matched location "/market/buy/9"  @ http://localhost:3000/@vite/client:509
