[      91ms] [INFO] %cDownload the React DevTools for a better development experience: https://react.dev/link/react-devtools font-weight:bold @ http://localhost:3000/node_modules/.vite/deps/react-dom_client.js?v=ad0d08ed:14337
[     110ms] [LOG] 使用后端创建的钱包地址自动连接: 0x9f22d40b8f88e403f626bbfe3f18f17e153c6ef6 @ http://localhost:3000/src/services/web3.js:176
[     111ms] [LOG] 使用后端创建的钱包地址自动连接: 0x9f22d40b8f88e403f626bbfe3f18f17e153c6ef6 @ http://localhost:3000/src/services/web3.js:176
[     419ms] [LOG] WalletButton: 自动连接后端创建的钱包: 0x9f22d40b8f88e403f626bbfe3f18f17e153c6ef6 @ http://localhost:3000/src/components/WalletButton.jsx:68
[     420ms] [LOG] 使用后端创建的钱包地址自动连接: 0x9f22d40b8f88e403f626bbfe3f18f17e153c6ef6 @ http://localhost:3000/src/services/web3.js:176
[     421ms] [LOG] WalletButton: 自动连接后端创建的钱包: 0x9f22d40b8f88e403f626bbfe3f18f17e153c6ef6 @ http://localhost:3000/src/components/WalletButton.jsx:68
[     421ms] [LOG] 使用后端创建的钱包地址自动连接: 0x9f22d40b8f88e403f626bbfe3f18f17e153c6ef6 @ http://localhost:3000/src/services/web3.js:176
[     421ms] [LOG] 钱包连接成功: {address: 0x9f22d40b8f88e403f626bbfe3f18f17e153c6ef6, isMock: false, isServerWallet: true} @ http://localhost:3000/src/components/WalletButton.jsx:76
[     421ms] [LOG] 钱包连接成功: {address: 0x9f22d40b8f88e403f626bbfe3f18f17e153c6ef6, isMock: false, isServerWallet: true} @ http://localhost:3000/src/components/WalletButton.jsx:76
[     436ms] [ERROR] Failed to load resource: the server responded with a status of 400 () @ http://localhost:8085/api/notifications/unread-count:0
[     436ms] [ERROR] Failed to load resource: the server responded with a status of 400 () @ http://localhost:8085/api/notifications?page=1&size=20:0
[     437ms] [ERROR] 获取通知失败: AxiosError: Request failed with status code 400
    at settle (http://localhost:3000/node_modules/.vite/deps/axios.js?v=ad0d08ed:1634:14)
    at XMLHttpRequest.onloadend (http://localhost:3000/node_modules/.vite/deps/axios.js?v=ad0d08ed:1951:4)
    at Axios$1.request (http://localhost:3000/node_modules/.vite/deps/axios.js?v=ad0d08ed:2518:37)
    at async fetchNotifications (http://localhost:3000/src/components/NotificationCenter.jsx:171:21) @ http://localhost:3000/@vite/client:509
[     438ms] [ERROR] 获取未读数量失败: AxiosError: Request failed with status code 400
    at settle (http://localhost:3000/node_modules/.vite/deps/axios.js?v=ad0d08ed:1634:14)
    at XMLHttpRequest.onloadend (http://localhost:3000/node_modules/.vite/deps/axios.js?v=ad0d08ed:1951:4)
    at Axios$1.request (http://localhost:3000/node_modules/.vite/deps/axios.js?v=ad0d08ed:2518:37)
    at async fetchUnreadCount (http://localhost:3000/src/components/NotificationCenter.jsx:190:21) @ http://localhost:3000/@vite/client:509
[     442ms] [ERROR] Failed to load resource: the server responded with a status of 400 () @ http://localhost:8085/api/notifications?page=1&size=20:0
[     442ms] [ERROR] Failed to load resource: the server responded with a status of 400 () @ http://localhost:8085/api/notifications/unread-count:0
[     442ms] [ERROR] 获取通知失败: AxiosError: Request failed with status code 400
    at settle (http://localhost:3000/node_modules/.vite/deps/axios.js?v=ad0d08ed:1634:14)
    at XMLHttpRequest.onloadend (http://localhost:3000/node_modules/.vite/deps/axios.js?v=ad0d08ed:1951:4)
    at Axios$1.request (http://localhost:3000/node_modules/.vite/deps/axios.js?v=ad0d08ed:2518:37)
    at async fetchNotifications (http://localhost:3000/src/components/NotificationCenter.jsx:171:21) @ http://localhost:3000/@vite/client:509
[     442ms] [ERROR] 获取未读数量失败: AxiosError: Request failed with status code 400
    at settle (http://localhost:3000/node_modules/.vite/deps/axios.js?v=ad0d08ed:1634:14)
    at XMLHttpRequest.onloadend (http://localhost:3000/node_modules/.vite/deps/axios.js?v=ad0d08ed:1951:4)
    at Axios$1.request (http://localhost:3000/node_modules/.vite/deps/axios.js?v=ad0d08ed:2518:37)
    at async fetchUnreadCount (http://localhost:3000/src/components/NotificationCenter.jsx:190:21) @ http://localhost:3000/@vite/client:509
[     540ms] [ERROR] Failed to load resource: the server responded with a status of 404 (Not Found) @ http://localhost:3000/minio/nft-assets/nft-assets/1775024746656_f6a33afbeb6f4405a8adb9e67e917967.png:0
[     540ms] [ERROR] Failed to load resource: the server responded with a status of 404 (Not Found) @ http://localhost:3000/minio/nft-assets/nft-assets/1775024689141_86af619d53a04409b5733228182f0a06.docx:0
[   28669ms] [INFO] %cDownload the React DevTools for a better development experience: https://react.dev/link/react-devtools font-weight:bold @ http://localhost:3000/node_modules/.vite/deps/react-dom_client.js?v=ad0d08ed:14337
[   28687ms] [LOG] 使用后端创建的钱包地址自动连接: 0x9f22d40b8f88e403f626bbfe3f18f17e153c6ef6 @ http://localhost:3000/src/services/web3.js:176
[   28687ms] [LOG] 使用后端创建的钱包地址自动连接: 0x9f22d40b8f88e403f626bbfe3f18f17e153c6ef6 @ http://localhost:3000/src/services/web3.js:176
[   29060ms] [VERBOSE] [DOM] Input elements should have autocomplete attributes (suggested: "current-password"): (More info: https://goo.gl/9p2vKq) %o @ http://localhost:3000/login:0
[   30310ms] [LOG] WalletButton: 自动连接后端创建的钱包: 0x9f22d40b8f88e403f626bbfe3f18f17e153c6ef6 @ http://localhost:3000/src/components/WalletButton.jsx:68
[   30310ms] [LOG] 使用后端创建的钱包地址自动连接: 0x9f22d40b8f88e403f626bbfe3f18f17e153c6ef6 @ http://localhost:3000/src/services/web3.js:176
[   30310ms] [LOG] WalletButton: 自动连接后端创建的钱包: 0x9f22d40b8f88e403f626bbfe3f18f17e153c6ef6 @ http://localhost:3000/src/components/WalletButton.jsx:68
[   30311ms] [LOG] 使用后端创建的钱包地址自动连接: 0x9f22d40b8f88e403f626bbfe3f18f17e153c6ef6 @ http://localhost:3000/src/services/web3.js:176
[   30311ms] [LOG] 钱包连接成功: {address: 0x9f22d40b8f88e403f626bbfe3f18f17e153c6ef6, isMock: false, isServerWallet: true} @ http://localhost:3000/src/components/WalletButton.jsx:76
[   30311ms] [LOG] 钱包连接成功: {address: 0x9f22d40b8f88e403f626bbfe3f18f17e153c6ef6, isMock: false, isServerWallet: true} @ http://localhost:3000/src/components/WalletButton.jsx:76
[   30352ms] [ERROR] Failed to load resource: the server responded with a status of 404 (Not Found) @ http://localhost:3000/minio/nft-assets/nft-assets/1775024746656_f6a33afbeb6f4405a8adb9e67e917967.png:0
[   30352ms] [ERROR] Failed to load resource: the server responded with a status of 404 (Not Found) @ http://localhost:3000/minio/nft-assets/nft-assets/1775024689141_86af619d53a04409b5733228182f0a06.docx:0
[   30392ms] [INFO] %cDownload the React DevTools for a better development experience: https://react.dev/link/react-devtools font-weight:bold @ http://localhost:3000/node_modules/.vite/deps/react-dom_client.js?v=ad0d08ed:14337
[   30395ms] [LOG] 使用后端创建的钱包地址自动连接: 0x9f22d40b8f88e403f626bbfe3f18f17e153c6ef6 @ http://localhost:3000/src/services/web3.js:176
[   30395ms] [LOG] 使用后端创建的钱包地址自动连接: 0x9f22d40b8f88e403f626bbfe3f18f17e153c6ef6 @ http://localhost:3000/src/services/web3.js:176
[   30699ms] [LOG] WalletButton: 自动连接后端创建的钱包: 0x9f22d40b8f88e403f626bbfe3f18f17e153c6ef6 @ http://localhost:3000/src/components/WalletButton.jsx:68
[   30699ms] [LOG] 使用后端创建的钱包地址自动连接: 0x9f22d40b8f88e403f626bbfe3f18f17e153c6ef6 @ http://localhost:3000/src/services/web3.js:176
[   30700ms] [LOG] WalletButton: 自动连接后端创建的钱包: 0x9f22d40b8f88e403f626bbfe3f18f17e153c6ef6 @ http://localhost:3000/src/components/WalletButton.jsx:68
[   30700ms] [LOG] 使用后端创建的钱包地址自动连接: 0x9f22d40b8f88e403f626bbfe3f18f17e153c6ef6 @ http://localhost:3000/src/services/web3.js:176
[   30700ms] [LOG] 钱包连接成功: {address: 0x9f22d40b8f88e403f626bbfe3f18f17e153c6ef6, isMock: false, isServerWallet: true} @ http://localhost:3000/src/components/WalletButton.jsx:76
[   30700ms] [LOG] 钱包连接成功: {address: 0x9f22d40b8f88e403f626bbfe3f18f17e153c6ef6, isMock: false, isServerWallet: true} @ http://localhost:3000/src/components/WalletButton.jsx:76
[   30738ms] [ERROR] Failed to load resource: the server responded with a status of 404 (Not Found) @ http://localhost:3000/minio/nft-assets/nft-assets/1775024689141_86af619d53a04409b5733228182f0a06.docx:0
[   30738ms] [ERROR] Failed to load resource: the server responded with a status of 404 (Not Found) @ http://localhost:3000/minio/nft-assets/nft-assets/1775024746656_f6a33afbeb6f4405a8adb9e67e917967.png:0
[   31607ms] [INFO] %cDownload the React DevTools for a better development experience: https://react.dev/link/react-devtools font-weight:bold @ http://localhost:3000/node_modules/.vite/deps/react-dom_client.js?v=ad0d08ed:14337
[   31610ms] [LOG] 使用后端创建的钱包地址自动连接: 0x9f22d40b8f88e403f626bbfe3f18f17e153c6ef6 @ http://localhost:3000/src/services/web3.js:176
[   31610ms] [LOG] 使用后端创建的钱包地址自动连接: 0x9f22d40b8f88e403f626bbfe3f18f17e153c6ef6 @ http://localhost:3000/src/services/web3.js:176
[   31914ms] [LOG] WalletButton: 自动连接后端创建的钱包: 0x9f22d40b8f88e403f626bbfe3f18f17e153c6ef6 @ http://localhost:3000/src/components/WalletButton.jsx:68
[   31915ms] [LOG] 使用后端创建的钱包地址自动连接: 0x9f22d40b8f88e403f626bbfe3f18f17e153c6ef6 @ http://localhost:3000/src/services/web3.js:176
[   31916ms] [LOG] WalletButton: 自动连接后端创建的钱包: 0x9f22d40b8f88e403f626bbfe3f18f17e153c6ef6 @ http://localhost:3000/src/components/WalletButton.jsx:68
[   31917ms] [LOG] 使用后端创建的钱包地址自动连接: 0x9f22d40b8f88e403f626bbfe3f18f17e153c6ef6 @ http://localhost:3000/src/services/web3.js:176
[   31917ms] [LOG] 钱包连接成功: {address: 0x9f22d40b8f88e403f626bbfe3f18f17e153c6ef6, isMock: false, isServerWallet: true} @ http://localhost:3000/src/components/WalletButton.jsx:76
[   31917ms] [LOG] 钱包连接成功: {address: 0x9f22d40b8f88e403f626bbfe3f18f17e153c6ef6, isMock: false, isServerWallet: true} @ http://localhost:3000/src/components/WalletButton.jsx:76
[   32547ms] [INFO] %cDownload the React DevTools for a better development experience: https://react.dev/link/react-devtools font-weight:bold @ http://localhost:3000/node_modules/.vite/deps/react-dom_client.js?v=ad0d08ed:14337
[   32550ms] [LOG] 使用后端创建的钱包地址自动连接: 0x9f22d40b8f88e403f626bbfe3f18f17e153c6ef6 @ http://localhost:3000/src/services/web3.js:176
[   32550ms] [LOG] 使用后端创建的钱包地址自动连接: 0x9f22d40b8f88e403f626bbfe3f18f17e153c6ef6 @ http://localhost:3000/src/services/web3.js:176
[   32856ms] [LOG] WalletButton: 自动连接后端创建的钱包: 0x9f22d40b8f88e403f626bbfe3f18f17e153c6ef6 @ http://localhost:3000/src/components/WalletButton.jsx:68
[   32856ms] [LOG] 使用后端创建的钱包地址自动连接: 0x9f22d40b8f88e403f626bbfe3f18f17e153c6ef6 @ http://localhost:3000/src/services/web3.js:176
[   32859ms] [LOG] WalletButton: 自动连接后端创建的钱包: 0x9f22d40b8f88e403f626bbfe3f18f17e153c6ef6 @ http://localhost:3000/src/components/WalletButton.jsx:68
[   32859ms] [LOG] 使用后端创建的钱包地址自动连接: 0x9f22d40b8f88e403f626bbfe3f18f17e153c6ef6 @ http://localhost:3000/src/services/web3.js:176
[   32859ms] [LOG] 钱包连接成功: {address: 0x9f22d40b8f88e403f626bbfe3f18f17e153c6ef6, isMock: false, isServerWallet: true} @ http://localhost:3000/src/components/WalletButton.jsx:76
[   32859ms] [LOG] 钱包连接成功: {address: 0x9f22d40b8f88e403f626bbfe3f18f17e153c6ef6, isMock: false, isServerWallet: true} @ http://localhost:3000/src/components/WalletButton.jsx:76
[   33448ms] [INFO] %cDownload the React DevTools for a better development experience: https://react.dev/link/react-devtools font-weight:bold @ http://localhost:3000/node_modules/.vite/deps/react-dom_client.js?v=ad0d08ed:14337
[   33451ms] [LOG] 使用后端创建的钱包地址自动连接: 0x9f22d40b8f88e403f626bbfe3f18f17e153c6ef6 @ http://localhost:3000/src/services/web3.js:176
[   33451ms] [LOG] 使用后端创建的钱包地址自动连接: 0x9f22d40b8f88e403f626bbfe3f18f17e153c6ef6 @ http://localhost:3000/src/services/web3.js:176
[   33756ms] [LOG] WalletButton: 自动连接后端创建的钱包: 0x9f22d40b8f88e403f626bbfe3f18f17e153c6ef6 @ http://localhost:3000/src/components/WalletButton.jsx:68
[   33757ms] [LOG] 使用后端创建的钱包地址自动连接: 0x9f22d40b8f88e403f626bbfe3f18f17e153c6ef6 @ http://localhost:3000/src/services/web3.js:176
[   33757ms] [LOG] WalletButton: 自动连接后端创建的钱包: 0x9f22d40b8f88e403f626bbfe3f18f17e153c6ef6 @ http://localhost:3000/src/components/WalletButton.jsx:68
[   33757ms] [LOG] 使用后端创建的钱包地址自动连接: 0x9f22d40b8f88e403f626bbfe3f18f17e153c6ef6 @ http://localhost:3000/src/services/web3.js:176
[   33759ms] [LOG] WalletButton: 自动连接后端创建的钱包: 0x9f22d40b8f88e403f626bbfe3f18f17e153c6ef6 @ http://localhost:3000/src/components/WalletButton.jsx:68
[   33759ms] [LOG] 使用后端创建的钱包地址自动连接: 0x9f22d40b8f88e403f626bbfe3f18f17e153c6ef6 @ http://localhost:3000/src/services/web3.js:176
[   33759ms] [LOG] WalletButton: 自动连接后端创建的钱包: 0x9f22d40b8f88e403f626bbfe3f18f17e153c6ef6 @ http://localhost:3000/src/components/WalletButton.jsx:68
[   33759ms] [LOG] 使用后端创建的钱包地址自动连接: 0x9f22d40b8f88e403f626bbfe3f18f17e153c6ef6 @ http://localhost:3000/src/services/web3.js:176
[   33760ms] [LOG] 钱包连接成功: {address: 0x9f22d40b8f88e403f626bbfe3f18f17e153c6ef6, isMock: false, isServerWallet: true} @ http://localhost:3000/src/components/WalletButton.jsx:76
[   33760ms] [LOG] 钱包连接成功: {address: 0x9f22d40b8f88e403f626bbfe3f18f17e153c6ef6, isMock: false, isServerWallet: true} @ http://localhost:3000/src/components/WalletButton.jsx:76
[   33760ms] [LOG] 钱包连接成功: {address: 0x9f22d40b8f88e403f626bbfe3f18f17e153c6ef6, isMock: false, isServerWallet: true} @ http://localhost:3000/src/components/WalletButton.jsx:76
[   33760ms] [LOG] 钱包连接成功: {address: 0x9f22d40b8f88e403f626bbfe3f18f17e153c6ef6, isMock: false, isServerWallet: true} @ http://localhost:3000/src/components/WalletButton.jsx:76
[   34341ms] [INFO] %cDownload the React DevTools for a better development experience: https://react.dev/link/react-devtools font-weight:bold @ http://localhost:3000/node_modules/.vite/deps/react-dom_client.js?v=ad0d08ed:14337
[   34344ms] [LOG] 使用后端创建的钱包地址自动连接: 0x9f22d40b8f88e403f626bbfe3f18f17e153c6ef6 @ http://localhost:3000/src/services/web3.js:176
[   34344ms] [LOG] 使用后端创建的钱包地址自动连接: 0x9f22d40b8f88e403f626bbfe3f18f17e153c6ef6 @ http://localhost:3000/src/services/web3.js:176
[   34649ms] [LOG] WalletButton: 自动连接后端创建的钱包: 0x9f22d40b8f88e403f626bbfe3f18f17e153c6ef6 @ http://localhost:3000/src/components/WalletButton.jsx:68
[   34650ms] [LOG] 使用后端创建的钱包地址自动连接: 0x9f22d40b8f88e403f626bbfe3f18f17e153c6ef6 @ http://localhost:3000/src/services/web3.js:176
[   34651ms] [LOG] WalletButton: 自动连接后端创建的钱包: 0x9f22d40b8f88e403f626bbfe3f18f17e153c6ef6 @ http://localhost:3000/src/components/WalletButton.jsx:68
[   34651ms] [LOG] 使用后端创建的钱包地址自动连接: 0x9f22d40b8f88e403f626bbfe3f18f17e153c6ef6 @ http://localhost:3000/src/services/web3.js:176
[   34652ms] [LOG] 钱包连接成功: {address: 0x9f22d40b8f88e403f626bbfe3f18f17e153c6ef6, isMock: false, isServerWallet: true} @ http://localhost:3000/src/components/WalletButton.jsx:76
[   34652ms] [LOG] 钱包连接成功: {address: 0x9f22d40b8f88e403f626bbfe3f18f17e153c6ef6, isMock: false, isServerWallet: true} @ http://localhost:3000/src/components/WalletButton.jsx:76
