[     148ms] [INFO] %cDownload the React DevTools for a better development experience: https://react.dev/link/react-devtools font-weight:bold @ http://localhost:3000/node_modules/.vite/deps/react-dom_client.js?v=ad0d08ed:14337
[     374ms] [VERBOSE] [DOM] Input elements should have autocomplete attributes (suggested: "current-password"): (More info: https://goo.gl/9p2vKq) %o @ http://localhost:3000/login:0
[  209782ms] [WARNING] styled-components: it looks like an unknown prop "active" is being sent through to the DOM, which will likely trigger a React console error. If you would like automatic filtering of unknown props, you can opt-into that behavior via `<StyleSheetManager shouldForwardProp={...}>` (connect an API like `@emotion/is-prop-valid`) or consider using transient props (`$` prefix for automatic filtering.) @ http://localhost:3000/@vite/client:509
[  209784ms] [ERROR] Received `%s` for a non-boolean attribute `%s`.

If you want to write it to the DOM, pass a string instead: %s="%s" or %s={value.toString()}. true active active true active @ http://localhost:3000/@vite/client:509
[  209811ms] [LOG] WalletButton: 自动连接后端创建的钱包: 0x9f22d40b8f88e403f626bbfe3f18f17e153c6ef6 @ http://localhost:3000/src/components/WalletButton.jsx:68
[  209812ms] [LOG] 使用后端创建的钱包地址自动连接: 0x9f22d40b8f88e403f626bbfe3f18f17e153c6ef6 @ http://localhost:3000/src/services/web3.js:176
[  209813ms] [LOG] WalletButton: 自动连接后端创建的钱包: 0x9f22d40b8f88e403f626bbfe3f18f17e153c6ef6 @ http://localhost:3000/src/components/WalletButton.jsx:68
[  209813ms] [LOG] 使用后端创建的钱包地址自动连接: 0x9f22d40b8f88e403f626bbfe3f18f17e153c6ef6 @ http://localhost:3000/src/services/web3.js:176
[  209813ms] [LOG] 钱包连接成功: {address: 0x9f22d40b8f88e403f626bbfe3f18f17e153c6ef6, isMock: false, isServerWallet: true} @ http://localhost:3000/src/components/WalletButton.jsx:76
[  209814ms] [LOG] 钱包连接成功: {address: 0x9f22d40b8f88e403f626bbfe3f18f17e153c6ef6, isMock: false, isServerWallet: true} @ http://localhost:3000/src/components/WalletButton.jsx:76
[  209820ms] [WARNING] styled-components: it looks like an unknown prop "mock" is being sent through to the DOM, which will likely trigger a React console error. If you would like automatic filtering of unknown props, you can opt-into that behavior via `<StyleSheetManager shouldForwardProp={...}>` (connect an API like `@emotion/is-prop-valid`) or consider using transient props (`$` prefix for automatic filtering.) @ http://localhost:3000/@vite/client:509
[  209820ms] [ERROR] Received `%s` for a non-boolean attribute `%s`.

If you want to write it to the DOM, pass a string instead: %s="%s" or %s={value.toString()}.

If you used to conditionally omit it with %s={condition && value}, pass %s={condition ? value : undefined} instead. false mock mock false mock mock mock @ http://localhost:3000/@vite/client:509
[  209907ms] [WARNING] styled-components: it looks like an unknown prop "primary" is being sent through to the DOM, which will likely trigger a React console error. If you would like automatic filtering of unknown props, you can opt-into that behavior via `<StyleSheetManager shouldForwardProp={...}>` (connect an API like `@emotion/is-prop-valid`) or consider using transient props (`$` prefix for automatic filtering.) @ http://localhost:3000/@vite/client:509
[  209907ms] [ERROR] Received `%s` for a non-boolean attribute `%s`.

If you want to write it to the DOM, pass a string instead: %s="%s" or %s={value.toString()}. true primary primary true primary @ http://localhost:3000/@vite/client:509
[  209937ms] [ERROR] Failed to load resource: the server responded with a status of 404 (Not Found) @ http://localhost:3000/minio/nft-assets/nft-assets/1775024689141_86af619d53a04409b5733228182f0a06.docx:0
[  209938ms] [ERROR] Failed to load resource: the server responded with a status of 404 (Not Found) @ http://localhost:3000/minio/nft-assets/nft-assets/1775024746656_f6a33afbeb6f4405a8adb9e67e917967.png:0
